
> tien-hiep-idle@0.1.0-beta.0 verify
> npm run type-check && npm run build && npx vitest run


> tien-hiep-idle@0.1.0-beta.0 type-check
> vue-tsc --build


> tien-hiep-idle@0.1.0-beta.0 build
> run-p type-check "build-only {@}" --


> tien-hiep-idle@0.1.0-beta.0 build-only
> vite build


> tien-hiep-idle@0.1.0-beta.0 type-check
> vue-tsc --build

vite v8.2.2 building client environment for production...
transforming...
✓ 1920 modules transformed.
rendering chunks...
computing gzip size...
dist/build-identity.json                                0.29 kB │ gzip:   0.22 kB
dist/index.html                                         1.55 kB │ gzip:   0.62 kB
dist/assets/QuestPanel-1DoX5fq2.css                     1.70 kB │ gzip:   0.58 kB
dist/assets/GameButton-BdBDikFk.css                     2.63 kB │ gzip:   0.82 kB
dist/assets/TranPhapPanel-BqHC0CA4.css                  3.00 kB │ gzip:   0.94 kB
dist/assets/QuanKhiPanel-DpLOdGBu.css                   3.69 kB │ gzip:   0.82 kB
dist/assets/ArtifactPanel-DLxV17bI.css                  4.15 kB │ gzip:   1.05 kB
dist/assets/CompanionPanel-DKL2Ff9z.css                 5.38 kB │ gzip:   1.07 kB
dist/assets/OverlayPanel-CQ8S4uIB.css                   5.58 kB │ gzip:   1.42 kB
dist/assets/RealmPanel-BZpkFlYv.css                    10.35 kB │ gzip:   1.96 kB
dist/assets/SkillPathPanel-DW40W7vW.css                16.80 kB │ gzip:   3.14 kB
dist/assets/index-6lvSrTqn.css                        187.00 kB │ gzip:  32.01 kB
dist/assets/PlayerVisualForm-q_dsQYsq.js                0.16 kB │ gzip:   0.13 kB
dist/assets/AssetLoaderScene-NnuAvv4w.js                1.81 kB │ gzip:   0.83 kB
dist/assets/TranPhapCombatPreviewScene-obxrwl4-.js      3.54 kB │ gzip:   1.48 kB
dist/assets/BattleGridProjection-8v0gSDWF.js            3.64 kB │ gzip:   1.14 kB
dist/assets/TribulationScene-Cp7Zep_E.js                3.65 kB │ gzip:   1.70 kB
dist/assets/QuestPanel-CAfAAEex.js                      4.09 kB │ gzip:   1.69 kB
dist/assets/MainScene-SkehsadI.js                       4.65 kB │ gzip:   1.56 kB
dist/assets/combat-animation-playback-CJRP8XUO.js       5.34 kB │ gzip:   2.12 kB
dist/assets/ArtifactPanel-6dMwCbhC.js                   7.03 kB │ gzip:   2.82 kB
dist/assets/AudioCueManifest-B8CPDVwu.js                7.36 kB │ gzip:   2.01 kB
dist/assets/QuanKhiPanel-CLY5kizq.js                    8.00 kB │ gzip:   2.65 kB
dist/assets/TranPhapPanel-DDoq3Jd3.js                   9.34 kB │ gzip:   3.95 kB
dist/assets/CompanionPanel-BA52o8-F.js                 10.61 kB │ gzip:   3.41 kB
dist/assets/combat-grid-view-BRD1PBXx.js               11.08 kB │ gzip:   3.01 kB
dist/assets/RealmPanel-DQRaM2F1.js                     16.31 kB │ gzip:   4.84 kB
dist/assets/TechniqueProgression-ByvpUlbC.js           20.45 kB │ gzip:   7.33 kB
dist/assets/SkillPathPanel-CPHn70cu.js                 32.37 kB │ gzip:  10.48 kB
dist/assets/CombatScene-CiLtnlD5.js                    68.48 kB │ gzip:  20.63 kB
dist/assets/vendor-DS4vP7Kk.js                        166.25 kB │ gzip:  60.84 kB
dist/assets/OverlayPanel-B9uviCX4.js                  231.74 kB │ gzip:  74.66 kB
dist/assets/game-data-LsS74PUm.js                     260.70 kB │ gzip:  65.84 kB
dist/assets/GameButton-Bf6WZm8Y.js                    261.48 kB │ gzip:  65.00 kB
dist/assets/index-Bg0p6yXJ.js                         860.18 kB │ gzip: 235.03 kB
dist/assets/phaser.esm-B5wjwyWN.js                  1,375.57 kB │ gzip: 357.95 kB

✓ built in 2.21s
[plugin builtin:vite-reporter] 
(!) Some chunks are larger than 500 kB after minification. Consider:
- Using dynamic import() to code-split the application
- Use build.rolldownOptions.output.codeSplitting to improve chunking: https://rolldown.rs/reference/OutputOptions.codeSplitting
- Adjust chunk size limit for this warning via build.chunkSizeWarningLimit.

 RUN  v4.1.11 /home/ubuntu/repos/tutienidle/.agent-worktrees/qa-fixpoint-master/game

Not implemented: navigation to another Document

 Test Files  854 passed | 1 skipped (855)
      Tests  7808 passed | 5 expected fail | 1 skipped (7814)
   Start at  22:52:12
   Duration  98.02s (transform 40.47s, setup 57.37s, import 252.49s, tests 161.70s, environment 89.97s)

VERIFY_EXIT=0
