
> tien-hiep-idle@0.1.0-beta.0 verify
> npm run type-check && npm run build && npx vitest run


> tien-hiep-idle@0.1.0-beta.0 type-check
> vue-tsc --build


> tien-hiep-idle@0.1.0-beta.0 build
> run-p type-check "build-only {@}" --


> tien-hiep-idle@0.1.0-beta.0 build-only
> vite build


> tien-hiep-idle@0.1.0-beta.0 type-check
> vue-tsc --build

vite v8.2.2 building client environment for production...
transforming...
✓ 1923 modules transformed.
rendering chunks...
computing gzip size...
dist/build-identity.json                                0.29 kB │ gzip:   0.22 kB
dist/index.html                                         1.55 kB │ gzip:   0.62 kB
dist/assets/QuestPanel-1DoX5fq2.css                     1.70 kB │ gzip:   0.58 kB
dist/assets/GameButton-BdBDikFk.css                     2.63 kB │ gzip:   0.82 kB
dist/assets/TranPhapPanel-BqHC0CA4.css                  3.00 kB │ gzip:   0.94 kB
dist/assets/QuanKhiPanel-v57AZVhN.css                   3.69 kB │ gzip:   0.82 kB
dist/assets/ArtifactPanel-DLxV17bI.css                  4.15 kB │ gzip:   1.05 kB
dist/assets/CompanionPanel-DKL2Ff9z.css                 5.38 kB │ gzip:   1.07 kB
dist/assets/OverlayPanel-CQ8S4uIB.css                   5.58 kB │ gzip:   1.42 kB
dist/assets/RealmPanel-BZpkFlYv.css                    10.35 kB │ gzip:   1.96 kB
dist/assets/SkillPathPanel-1dNMRa0L.css                16.80 kB │ gzip:   3.14 kB
dist/assets/index-BT1fxwJs.css                        187.86 kB │ gzip:  32.10 kB
dist/assets/PlayerVisualForm-q_dsQYsq.js                0.16 kB │ gzip:   0.13 kB
dist/assets/AssetLoaderScene-hG0_uzev.js                1.81 kB │ gzip:   0.83 kB
dist/assets/TranPhapCombatPreviewScene-DK9RI78S.js      3.54 kB │ gzip:   1.48 kB
dist/assets/BattleGridProjection-8v0gSDWF.js            3.64 kB │ gzip:   1.14 kB
dist/assets/TribulationScene--D_aEqst.js                3.65 kB │ gzip:   1.70 kB
dist/assets/QuestPanel-BH3x8ZKp.js                      4.09 kB │ gzip:   1.69 kB
dist/assets/MainScene-9bvdQOio.js                       4.65 kB │ gzip:   1.56 kB
dist/assets/combat-animation-playback-KIYsohJx.js       5.34 kB │ gzip:   2.12 kB
dist/assets/ArtifactPanel-BXFFoF5p.js                   7.02 kB │ gzip:   2.82 kB
dist/assets/AudioCueManifest-B8CPDVwu.js                7.36 kB │ gzip:   2.01 kB
dist/assets/QuanKhiPanel-DG2IjzxM.js                    8.03 kB │ gzip:   2.67 kB
dist/assets/TranPhapPanel-DtQ2_tf1.js                   9.34 kB │ gzip:   3.95 kB
dist/assets/CompanionPanel-crfSyCNf.js                 10.61 kB │ gzip:   3.41 kB
dist/assets/combat-grid-view-RRXOjaA6.js               11.08 kB │ gzip:   3.01 kB
dist/assets/RealmPanel-azXME6sc.js                     16.31 kB │ gzip:   4.85 kB
dist/assets/TechniqueProgression-CW2rbxv-.js           18.19 kB │ gzip:   6.46 kB
dist/assets/SkillPathPanel-ERp88ic9.js                 32.63 kB │ gzip:  10.56 kB
dist/assets/CombatScene-BAPYbT5S.js                    68.48 kB │ gzip:  20.63 kB
dist/assets/vendor-DS4vP7Kk.js                        166.25 kB │ gzip:  60.84 kB
dist/assets/OverlayPanel-DQYX6UnP.js                  235.25 kB │ gzip:  75.60 kB
dist/assets/GameButton-D5mNsrd_.js                    261.48 kB │ gzip:  65.00 kB
dist/assets/game-data-CqW8O6SB.js                     263.62 kB │ gzip:  66.85 kB
dist/assets/index-B_NqpHRA.js                         864.39 kB │ gzip: 236.30 kB
dist/assets/phaser.esm-B5wjwyWN.js                  1,375.57 kB │ gzip: 357.95 kB

✓ built in 2.27s
[plugin builtin:vite-reporter] 
(!) Some chunks are larger than 500 kB after minification. Consider:
- Using dynamic import() to code-split the application
- Use build.rolldownOptions.output.codeSplitting to improve chunking: https://rolldown.rs/reference/OutputOptions.codeSplitting
- Adjust chunk size limit for this warning via build.chunkSizeWarningLimit.

 RUN  v4.1.11 /home/ubuntu/repos/tutienidle/.agent-worktrees/qa-fixpoint-master/game

Not implemented: navigation to another Document
 ❯ tests/architecture/betaScopeAuthoritySeam.qa.test.ts (12 tests | 1 failed) 92ms
     × investBodyChapter dispatch is a closed sink for every dormant chapter (F-BODY-W-1) 41ms

⎯⎯⎯⎯⎯⎯⎯ Failed Tests 1 ⎯⎯⎯⎯⎯⎯⎯

 FAIL  tests/architecture/betaScopeAuthoritySeam.qa.test.ts > technique training seam: dormant-way techniques must not accrue mastery on a carried save > investBodyChapter dispatch is a closed sink for every dormant chapter (F-BODY-W-1)
AssertionError: expected 50 to be +0 // Object.is equality

- Expected
+ Received

- 0
+ 50

 ❯ tests/architecture/betaScopeAuthoritySeam.qa.test.ts:261:71
    259|
    260|  for (const chapterId of ['body_refinement', 'meridian', 'zhou_tian'] …
    261|   expect(gameManager.realmAdvanceOps.investBodyChapter(p, chapterId)).…
       |                                                                       ^
    262|  }
    263|  expect(gameManager.materialBag.getAmount('tinh_hoa_pham_the')).toBe(5…

⎯⎯⎯⎯⎯⎯⎯⎯⎯⎯⎯⎯⎯⎯⎯⎯⎯⎯⎯⎯⎯⎯⎯⎯[1/1]⎯


 Test Files  1 failed | 862 passed | 1 skipped (864)
      Tests  1 failed | 7900 passed | 5 expected fail | 3 skipped (7909)
   Start at  05:40:41
   Duration  235.17s (transform 77.41s, setup 147.61s, import 632.04s, tests 439.14s, environment 191.74s)

VERIFY_EXIT=1
VERIFY_EXIT=1
VERIFY_EXIT=1
