=== MUTANT pa1 ===

 RUN  v4.1.11 /home/ubuntu/repos/tutienidle/.agent-worktrees/qa-fixpoint-master/game

 ❯ tests/architecture/betaDormantSaveLeak.qa.test.ts (46 tests | 1 failed) 63ms
     × chooseCultivationPath rejects a non-beta way pair before any other check 13ms

⎯⎯⎯⎯⎯⎯⎯ Failed Tests 1 ⎯⎯⎯⎯⎯⎯⎯

 FAIL  tests/architecture/betaDormantSaveLeak.qa.test.ts > path authority: the ritual gate fails closed for dormant ways (I-PA-1) > chooseCultivationPath rejects a non-beta way pair before any other check
AssertionError: expected true to be false // Object.is equality

- Expected
+ Received

- false
+ true

 ❯ tests/architecture/betaDormantSaveLeak.qa.test.ts:272:92
    270|     const p = player({ realmLevel: 12 })
    271|
    272|     expect(gameManager.realmAdvanceOps.chooseCultivationPath('sword', …
       |                                                                                            ^
    273|     expect(gameManager.realmAdvanceOps.chooseCultivationPath('body', '…
    274|     // spell_pathway carries an element axis - it also fails closed he…

⎯⎯⎯⎯⎯⎯⎯⎯⎯⎯⎯⎯⎯⎯⎯⎯⎯⎯⎯⎯⎯⎯⎯⎯[1/1]⎯


 Test Files  1 failed (1)
      Tests  1 failed | 45 passed (46)
   Start at  15:27:52
   Duration  1.98s (transform 1.45s, setup 245ms, import 1.55s, tests 63ms, environment 0ms)

EXIT=1
