=== EV-MUT-EC-1 orphan-sink T7 2026-10-01T04:15:33.904369Z ===

 RUN  v4.1.11 /home/ubuntu/repos/tutienidle/.agent-worktrees/qa-fixpoint-master/game

 ❯ tests/architecture/betaEconomyCensus.test.ts (6 tests | 1 failed) 13ms
     × every material consumed by a beta-realm purpose sink has a live beta source or an exemption 7ms

 Test Files  1 failed (1)
      Tests  1 failed | 5 passed (6)
   Start at  04:15:34
   Duration  477ms (transform 266ms, setup 214ms, import 123ms, tests 13ms, environment 0ms)


⎯⎯⎯⎯⎯⎯⎯ Failed Tests 1 ⎯⎯⎯⎯⎯⎯⎯

 FAIL  tests/architecture/betaEconomyCensus.test.ts > sec.17 beta economy census - no orphan source, no orphan sink > every material consumed by a beta-realm purpose sink has a live beta source or an exemption
AssertionError: expected [ Array(1) ] to deeply equal []

- Expected
+ Received

- []
+ [
+   "ghost_unproducible_orb (sinks: recipe:alchemy_thong_mach_dan:special)",
+ ]

 ❯ tests/architecture/betaEconomyCensus.test.ts:295:21
    293|       }
    294|     }
    295|     expect(orphans).toEqual([])
       |                     ^
    296|   })
    297|

⎯⎯⎯⎯⎯⎯⎯⎯⎯⎯⎯⎯⎯⎯⎯⎯⎯⎯⎯⎯⎯⎯⎯⎯[1/1]⎯


DETECTOR_EXIT=1  (nonzero = mutant killed the suite = KILLED_EXPECTED)
RESULT=KILLED_EXPECTED