=== EV-MUT-TQ-1 fixture-neutered T15 2026-10-01T10:28:14 ===
diff --git a/game/src/core/game/__fixtures__/betaWaysUnlock.ts b/game/src/core/game/__fixtures__/betaWaysUnlock.ts
index ee91d376..fe50712b 100644
--- a/game/src/core/game/__fixtures__/betaWaysUnlock.ts
+++ b/game/src/core/game/__fixtures__/betaWaysUnlock.ts
@@ -35,7 +35,6 @@ export function unlockAllWaysForTests(): void {
  *  duration of the calling test file. Suites asserting beta gating
  *  call this to undo the global test setup's unlock. */
 export function lockBetaWaysForTests(): void {
-  mutableWays.clear()
   mutableWays.add('spell_pathway')
 }
 

 RUN  v4.1.11 /home/ubuntu/repos/tutienidle/.agent-worktrees/qa-fixpoint-master/game

 ❯ tests/architecture/betaDormantSaveLeak.qa.test.ts (46 tests | 17 failed) 53ms
     × sword_pathway combat build falls back to the generic kit 6ms
     × chooseCultivationPath rejects a non-beta way pair before any other check 4ms
     × canPurchaseNode / purchaseNode / upgradeNode all reject dormant-tree nodes 2ms
     × respecNodeTree refuses a save holding dormant records - dormant insight is never refunded 2ms
     × a committed hidden_spell save with its aura passive still emits no aura entryBuffs 2ms
     × canUpgradeNode and levelUpSkill reject a dormant way core on a carried save 1ms
     × learnSkill rejects hidden-kit skill ids even on a clean beta save 1ms
     × setKiemPhoPreset fails closed under beta scope and leaves the preset untouched 1ms
     × a flagged body-path save emits no way facet modifiers in stat assembly 0ms
     × a flagged hidden-spell save emits no way statModifiers via the cultivation_path channel 0ms
     × a dormant way technique emits no tier modifiers; the beta way technique still emits 3ms
     × a learned dormant-way passive emits no scaled modifiers; unowned passives still emit 1ms
     × tryAdvanceTechniqueGrade refuses a dormant technique and debits no stones 1ms
     × a hidden_spell save mints no realm-reward nodes through the restore replay (F-A3-01) 0ms
     × a hidden_spell save mints no realm-reward nodes at the realm-entry grant (F-A3-01) 1ms
     × a hidden_spell save learns no way-authored ladder passive at realm entry (F-A3-02) 1ms
     × a hidden_sword save keeps its preserved slice frozen through realm advances (F-A3-03) 0ms

⎯⎯⎯⎯⎯⎯ Failed Tests 17 ⎯⎯⎯⎯⎯⎯⎯

 FAIL  tests/architecture/betaDormantSaveLeak.qa.test.ts > dormancy: a way_out_of_scope save must not execute its dormant kit (F-TRI-2) > sword_pathway combat build falls back to the generic kit
AssertionError: expected null to be 'way_out_of_scope' // Object.is equality

- Expected:
"way_out_of_scope"

+ Received:
null

 ❯ tests/architecture/betaDormantSaveLeak.qa.test.ts:229:41
    227|
    228|     // The save is flagged unsupported through the canonical reader.
    229|     expect(unsupportedReleaseReason(p)).toBe('way_out_of_scope')
       |                                         ^
    230|
    231|     const runtime = resolveCultivationPathRuntime(p, runtimeDeps)

⎯⎯⎯⎯⎯⎯⎯⎯⎯⎯⎯⎯⎯⎯⎯⎯⎯⎯⎯⎯⎯⎯⎯[1/17]⎯

 FAIL  tests/architecture/betaDormantSaveLeak.qa.test.ts > path authority: the ritual gate fails closed for dormant ways (I-PA-1) > chooseCultivationPath rejects a non-beta way pair before any other check
AssertionError: expected true to be false // Object.is equality

- Expected
+ Received

- false
+ true

 ❯ tests/architecture/betaDormantSaveLeak.qa.test.ts:272:92
    270|     const p = player({ realmLevel: 12 })
    271|
    272|     expect(gameManager.realmAdvanceOps.chooseCultivationPath('sword', …
       |                                                                                            ^
    273|     expect(gameManager.realmAdvanceOps.chooseCultivationPath('body', '…
    274|     // spell_pathway carries an element axis - it also fails closed he…

⎯⎯⎯⎯⎯⎯⎯⎯⎯⎯⎯⎯⎯⎯⎯⎯⎯⎯⎯⎯⎯⎯⎯[2/17]⎯

 FAIL  tests/architecture/betaDormantSaveLeak.qa.test.ts > dormancy: dormant way node trees refuse insight writes on a carried save (F-CA-1) > canPurchaseNode / purchaseNode / upgradeNode all reject dormant-tree nodes
AssertionError: expected true to be false // Object.is equality

- Expected
+ Received

- false
+ true

 ❯ tests/architecture/betaDormantSaveLeak.qa.test.ts:302:68
    300|     expect(gameManager.progressionOps.canPurchaseNode('thich_can', p))…
    301|     expect(gameManager.progressionOps.purchaseNode('thich_can', p)).to…
    302|     expect(gameManager.progressionOps.upgradeNode('thich_can', p)).toB…
       |                                                                    ^
    303|     expect(p.skillInsight).toBe(insightBefore)
    304|     expect(p.nodeLevels).toEqual({ thich_can: 1 })

⎯⎯⎯⎯⎯⎯⎯⎯⎯⎯⎯⎯⎯⎯⎯⎯⎯⎯⎯⎯⎯⎯⎯[3/17]⎯

 FAIL  tests/architecture/betaDormantSaveLeak.qa.test.ts > dormancy: dormant way node trees refuse insight writes on a carried save (F-CA-1) > respecNodeTree refuses a save holding dormant records - dormant insight is never refunded
AssertionError: expected 2 to be null

- Expected:
null

+ Received:
2

 ❯ tests/architecture/betaDormantSaveLeak.qa.test.ts:313:58
    311|     const p = swordSave({ thich_can: 2 })
    312|
    313|     expect(gameManager.progressionOps.respecNodeTree(p)).toBeNull()
       |                                                          ^
    314|     expect(gameManager.progressionOps.previewNodeRespec(p).resetCount)…
    315|     // Dormant records stay intact - the lock freezes them, never mone…

⎯⎯⎯⎯⎯⎯⎯⎯⎯⎯⎯⎯⎯⎯⎯⎯⎯⎯⎯⎯⎯⎯⎯[4/17]⎯

 FAIL  tests/architecture/betaDormantSaveLeak.qa.test.ts > dormancy: hidden-way reaction aura never enters the entry-buff layer (F-A2-1) > a committed hidden_spell save with its aura passive still emits no aura entryBuffs
Error: [GameManager] hidden_spell_pathway kit incomplete — missing learned skills: van_phap_tuy_tam, da_phap_lien_tuyen, ngo_dao_hon_don
 ❯ assertNgoDaoKitLearned src/core/player/CultivationPathRegistry.ts:94:11
     92|
     93|   if (missing.length > 0) {
     94|     throw new Error(
       |           ^
     95|       `[GameManager] hidden_spell_pathway kit incomplete — missing lea…
     96|     )
 ❯ Object.resolveBasic src/core/player/CultivationPathRegistry.ts:436:7
 ❯ resolveCombatSkillRoles src/core/player/CultivationPathRoles.ts:36:25
 ❯ resolveCombatBuild src/core/game/CombatBuild.ts:234:32
 ❯ tests/architecture/betaDormantSaveLeak.qa.test.ts:389:19

⎯⎯⎯⎯⎯⎯⎯⎯⎯⎯⎯⎯⎯⎯⎯⎯⎯⎯⎯⎯⎯⎯⎯[5/17]⎯

 FAIL  tests/architecture/betaDormantSaveLeak.qa.test.ts > dormancy: dormant-kit skill cores reject insight spends and learns (F-A2-2 / F-A2-3) > canUpgradeNode and levelUpSkill reject a dormant way core on a carried save
AssertionError: expected true to be false // Object.is equality

- Expected
+ Received

- false
+ true

 ❯ tests/architecture/betaDormantSaveLeak.qa.test.ts:409:75
    407|     })
    408|
    409|     expect(gameManager.progressionOps.canUpgradeNode('core_tham_the', …
       |                                                                           ^
    410|     expect(gameManager.progressionOps.levelUpSkill('tham_the', p)).toB…
    411|     // Dormant core holding fails respec closed the same as a dormant …

⎯⎯⎯⎯⎯⎯⎯⎯⎯⎯⎯⎯⎯⎯⎯⎯⎯⎯⎯⎯⎯⎯⎯[6/17]⎯

 FAIL  tests/architecture/betaDormantSaveLeak.qa.test.ts > dormancy: dormant-kit skill cores reject insight spends and learns (F-A2-2 / F-A2-3) > learnSkill rejects hidden-kit skill ids even on a clean beta save
AssertionError: learn van_phap_tuy_tam: expected true to be false // Object.is equality

- Expected
+ Received

- false
+ true

 ❯ tests/architecture/betaDormantSaveLeak.qa.test.ts:423:82
    421|
    422|     for (const id of ['van_phap_tuy_tam', 'da_phap_lien_tuyen', 'ngo_d…
    423|       expect(gameManager.progressionOps.learnSkill(id, player()), `lea…
       |                                                                                  ^
    424|     }
    425|   })

⎯⎯⎯⎯⎯⎯⎯⎯⎯⎯⎯⎯⎯⎯⎯⎯⎯⎯⎯⎯⎯⎯⎯[7/17]⎯

 FAIL  tests/architecture/betaDormantSaveLeak.qa.test.ts > dormancy: a carried sword save cannot drive sword machinery (F-B-2) > setKiemPhoPreset fails closed under beta scope and leaves the preset untouched
AssertionError: expected null to be 'way_out_of_scope' // Object.is equality

- Expected:
"way_out_of_scope"

+ Received:
null

 ❯ tests/architecture/betaDormantSaveLeak.qa.test.ts:461:41
    459|     })
    460|
    461|     expect(unsupportedReleaseReason(p)).toBe('way_out_of_scope')
       |                                         ^
    462|     // The capability gate alone would admit (the save carries
    463|     // sword.sword_scroll) - the scope seam is the only rejector.

⎯⎯⎯⎯⎯⎯⎯⎯⎯⎯⎯⎯⎯⎯⎯⎯⎯⎯⎯⎯⎯⎯⎯[8/17]⎯

 FAIL  tests/architecture/betaDormantSaveLeak.qa.test.ts > dormancy: dormant way/technique/passive stat channels stay inert (F-TC-1/F-TC-3) > a flagged body-path save emits no way facet modifiers in stat assembly
AssertionError: expected null to be 'way_out_of_scope' // Object.is equality

- Expected:
"way_out_of_scope"

+ Received:
null

 ❯ tests/architecture/betaDormantSaveLeak.qa.test.ts:536:41
    534|     })
    535|
    536|     expect(unsupportedReleaseReason(p)).toBe('way_out_of_scope')
       |                                         ^
    537|
    538|     const { wayFacetModifiers } = resolvePlayerStatAssembly(p, [])

⎯⎯⎯⎯⎯⎯⎯⎯⎯⎯⎯⎯⎯⎯⎯⎯⎯⎯⎯⎯⎯⎯⎯[9/17]⎯

 FAIL  tests/architecture/betaDormantSaveLeak.qa.test.ts > dormancy: dormant way/technique/passive stat channels stay inert (F-TC-1/F-TC-3) > a flagged hidden-spell save emits no way statModifiers via the cultivation_path channel
AssertionError: expected null to be 'way_out_of_scope' // Object.is equality

- Expected:
"way_out_of_scope"

+ Received:
null

 ❯ tests/architecture/betaDormantSaveLeak.qa.test.ts:551:50
    549|     })
    550|
    551|     expect(unsupportedReleaseReason(hiddenSave)).toBe('way_out_of_scop…
       |                                                  ^
    552|     expect(getCultivationPathStatModifiers(hiddenSave)).toEqual([])
    553|

⎯⎯⎯⎯⎯⎯⎯⎯⎯⎯⎯⎯⎯⎯⎯⎯⎯⎯⎯⎯⎯⎯[10/17]⎯

 FAIL  tests/architecture/betaDormantSaveLeak.qa.test.ts > dormancy: dormant way/technique/passive stat channels stay inert (F-TC-1/F-TC-3) > a dormant way technique emits no tier modifiers; the beta way technique still emits
AssertionError: expected [ { …(5) } ] to deeply equal []

- Expected
+ Received

- []
+ [
+   {
+     "flat": 2,
+     "id": "technique-tier:diamond_body_art:hpRegen",
+     "sourceId": "diamond_body_art",
+     "sourceType": "technique",
+     "stat": "hpRegenPerTurn",
+   },
+ ]

 ❯ tests/architecture/betaDormantSaveLeak.qa.test.ts:580:7
    578|     expect(
    579|       dormantChannels.find((c) => c.channel === 'technique_tier')!.mod…
    580|     ).toEqual([])
       |       ^
    581|
    582|     const spellSave = player({

⎯⎯⎯⎯⎯⎯⎯⎯⎯⎯⎯⎯⎯⎯⎯⎯⎯⎯⎯⎯⎯⎯[11/17]⎯

 FAIL  tests/architecture/betaDormantSaveLeak.qa.test.ts > dormancy: dormant way/technique/passive stat channels stay inert (F-TC-1/F-TC-3) > a learned dormant-way passive emits no scaled modifiers; unowned passives still emit
AssertionError: expected { …(8) } to be undefined

- Expected:
undefined

+ Received:
{
  "flat": 0,
  "id": "passive_kiem_tam_lanh_liet_crit_damage",
  "maxStacks": 30,
  "percent": 0.01,
  "sourceId": "passive_kiem_tam_lanh_liet",
  "sourceType": "skill",
  "stacks": 0,
  "stat": "criticalDamage",
}

 ❯ tests/architecture/betaDormantSaveLeak.qa.test.ts:606:75
    604|     )
    605|     const mods = gameManager.skillSystem.getScaledPassiveModifiers()
    606|     expect(mods.find((m) => m.sourceId === 'passive_kiem_tam_lanh_liet…
       |                                                                           ^
    607|
    608|     gameManager.skillManager.add(SKILLS.find((s) => s.id === 'passive_…

⎯⎯⎯⎯⎯⎯⎯⎯⎯⎯⎯⎯⎯⎯⎯⎯⎯⎯⎯⎯⎯⎯[12/17]⎯

 FAIL  tests/architecture/betaDormantSaveLeak.qa.test.ts > dormancy: dormant way/technique/passive stat channels stay inert (F-TC-1/F-TC-3) > tryAdvanceTechniqueGrade refuses a dormant technique and debits no stones
AssertionError: expected true to be false // Object.is equality

- Expected
+ Received

- false
+ true

 ❯ tests/architecture/betaDormantSaveLeak.qa.test.ts:639:69
    637|     gameManager.materialBag.add(stoneMaterial, 1000)
    638|
    639|     expect(gameManager.realmAdvanceOps.tryAdvanceTechniqueGrade(p)).to…
       |                                                                     ^
    640|     expect(gameManager.materialBag.getAmount(stoneId)).toBe(1000)
    641|   })

⎯⎯⎯⎯⎯⎯⎯⎯⎯⎯⎯⎯⎯⎯⎯⎯⎯⎯⎯⎯⎯⎯[13/17]⎯

 FAIL  tests/architecture/betaDormantSaveLeak.qa.test.ts > dormancy: way-authored realm seams stay inert on a carried save (F-A3-01 / F-A3-02 / F-A3-03) > a hidden_spell save mints no realm-reward nodes through the restore replay (F-A3-01)
AssertionError: expected null to be 'way_out_of_scope' // Object.is equality

- Expected:
"way_out_of_scope"

+ Received:
null

 ❯ tests/architecture/betaDormantSaveLeak.qa.test.ts:837:41
    835|       realmId: 'foundation_establishment',
    836|     })
    837|     expect(unsupportedReleaseReason(p)).toBe('way_out_of_scope')
       |                                         ^
    838|
    839|     const gameManager = managerWithNodes()

⎯⎯⎯⎯⎯⎯⎯⎯⎯⎯⎯⎯⎯⎯⎯⎯⎯⎯⎯⎯⎯⎯[14/17]⎯

 FAIL  tests/architecture/betaDormantSaveLeak.qa.test.ts > dormancy: way-authored realm seams stay inert on a carried save (F-A3-01 / F-A3-02 / F-A3-03) > a hidden_spell save mints no realm-reward nodes at the realm-entry grant (F-A3-01)
AssertionError: expected true to be false // Object.is equality

- Expected
+ Received

- false
+ true

 ❯ tests/architecture/betaDormantSaveLeak.qa.test.ts:857:7
    855|     expect(
    856|       gameManager.realmAdvanceOps.grantCultivationPathRealmReward(p, '…
    857|     ).toBe(false)
       |       ^
    858|     expect(p.nodeLevels ?? {}).toEqual({})
    859|   })

⎯⎯⎯⎯⎯⎯⎯⎯⎯⎯⎯⎯⎯⎯⎯⎯⎯⎯⎯⎯⎯⎯[15/17]⎯

 FAIL  tests/architecture/betaDormantSaveLeak.qa.test.ts > dormancy: way-authored realm seams stay inert on a carried save (F-A3-01 / F-A3-02 / F-A3-03) > a hidden_spell save learns no way-authored ladder passive at realm entry (F-A3-02)
AssertionError: expected true to be false // Object.is equality

- Expected
+ Received

- false
+ true

 ❯ tests/architecture/betaDormantSaveLeak.qa.test.ts:887:67
    885|     gameManager.realmAdvanceOps.syncRealmPassive(p)
    886|
    887|     expect(gameManager.skillManager.has('passive_truc_co_y_chi')).toBe…
       |                                                                   ^
    888|   })
    889|

⎯⎯⎯⎯⎯⎯⎯⎯⎯⎯⎯⎯⎯⎯⎯⎯⎯⎯⎯⎯⎯⎯[16/17]⎯

 FAIL  tests/architecture/betaDormantSaveLeak.qa.test.ts > dormancy: way-authored realm seams stay inert on a carried save (F-A3-01 / F-A3-02 / F-A3-03) > a hidden_sword save keeps its preserved slice frozen through realm advances (F-A3-03)
AssertionError: expected null to be 'way_out_of_scope' // Object.is equality

- Expected:
"way_out_of_scope"

+ Received:
null

 ❯ tests/architecture/betaDormantSaveLeak.qa.test.ts:915:41
    913|       realmLevel: 12,
    914|     })
    915|     expect(unsupportedReleaseReason(p)).toBe('way_out_of_scope')
       |                                         ^
    916|     expect(hasStaticPathCapability(p, 'sword.sword_riding')).toBe(true)
    917|

⎯⎯⎯⎯⎯⎯⎯⎯⎯⎯⎯⎯⎯⎯⎯⎯⎯⎯⎯⎯⎯⎯[17/17]⎯


 Test Files  1 failed (1)
      Tests  17 failed | 29 passed (46)
   Start at  10:28:15
   Duration  1.95s (transform 1.40s, setup 217ms, import 1.53s, tests 53ms, environment 0ms)

DETECTOR_EXIT=1
