=== EV-MUT-PG-1 precursor-cap T15 2026-10-01T10:27:55 ===
diff --git a/game/src/core/skill/SkillSystem.ts b/game/src/core/skill/SkillSystem.ts
index a2e64cae..4b9ee1a3 100644
--- a/game/src/core/skill/SkillSystem.ts
+++ b/game/src/core/skill/SkillSystem.ts
@@ -29,7 +29,7 @@ export const PRECURSOR_FLAT_DAMAGE_CASTS = 10
  * CAST_LEVELING_THRESHOLDS; day la kenh tang truong khong tran duy nhat
  * cua bo basic Pham Nhan (beta scope: linh_bao la starter duy nhat). */
 export function getPrecursorFlatDamageBonus(totalExperience: number): number {
-  return Math.floor(Math.max(0, totalExperience) / PRECURSOR_FLAT_DAMAGE_CASTS)
+  return Math.min(5, Math.floor(Math.max(0, totalExperience) / PRECURSOR_FLAT_DAMAGE_CASTS))
 }
 
 export const HUY_KIEM_CASTS_PER_LEVEL = PRECURSOR_FLAT_DAMAGE_CASTS

 RUN  v4.1.11 /home/ubuntu/repos/tutienidle/.agent-worktrees/qa-fixpoint-master/game

 ❯ src/core/skill/SkillSystem.huyKiem.test.ts (8 tests | 4 failed) 32ms
     × mỗi 10 cast +1 flat damage, không trần 7ms
     × getEffectiveSkill cộng flat bonus vào action dealDamage của tram 2ms
     × precursor linh_bao nhan flat bonus giong tram 1ms
     × precursor huy_quyen nhan flat bonus giong tram 1ms

⎯⎯⎯⎯⎯⎯⎯ Failed Tests 4 ⎯⎯⎯⎯⎯⎯⎯

 FAIL  src/core/skill/SkillSystem.huyKiem.test.ts > Huy Kiếm — flat damage vĩnh viễn theo cast > mỗi 10 cast +1 flat damage, không trần
AssertionError: expected 5 to be 999 // Object.is equality

- Expected
+ Received

- 999
+ 5

 ❯ src/core/skill/SkillSystem.huyKiem.test.ts:14:45
     12|     expect(getHuyKiemFlatDamageBonus(9)).toBe(0)
     13|     expect(getHuyKiemFlatDamageBonus(10)).toBe(1)
     14|     expect(getHuyKiemFlatDamageBonus(9999)).toBe(999)
       |                                             ^
     15|   })
     16|

⎯⎯⎯⎯⎯⎯⎯⎯⎯⎯⎯⎯⎯⎯⎯⎯⎯⎯⎯⎯⎯⎯⎯⎯[1/4]⎯

 FAIL  src/core/skill/SkillSystem.huyKiem.test.ts > Huy Kiếm — flat damage vĩnh viễn theo cast > getEffectiveSkill cộng flat bonus vào action dealDamage của tram
AssertionError: expected 6 to be 16 // Object.is equality

- Expected
+ Received

- 16
+ 6

 ❯ src/core/skill/SkillSystem.huyKiem.test.ts:29:50
     27|     const action = effective.triggers?.[0]?.actions[0]
     28|     expect(action?.type).toBe('dealDamage')
     29|     expect((action as { value?: number }).value).toBe(1 + 15)
       |                                                  ^
     30|   })
     31|

⎯⎯⎯⎯⎯⎯⎯⎯⎯⎯⎯⎯⎯⎯⎯⎯⎯⎯⎯⎯⎯⎯⎯⎯[2/4]⎯

 FAIL  src/core/skill/SkillSystem.huyKiem.test.ts > Huy Kiếm — flat damage vĩnh viễn theo cast > precursor linh_bao nhan flat bonus giong tram
 FAIL  src/core/skill/SkillSystem.huyKiem.test.ts > Huy Kiếm — flat damage vĩnh viễn theo cast > precursor huy_quyen nhan flat bonus giong tram
AssertionError: expected 6 to be 16 // Object.is equality

- Expected
+ Received

- 16
+ 6

 ❯ src/core/skill/SkillSystem.huyKiem.test.ts:60:50
     58|     const action = effective.triggers?.[0]?.actions[0]
     59|     expect(action?.type).toBe('dealDamage')
     60|     expect((action as { value?: number }).value).toBe(1 + 15)
       |                                                  ^
     61|   })
     62|

⎯⎯⎯⎯⎯⎯⎯⎯⎯⎯⎯⎯⎯⎯⎯⎯⎯⎯⎯⎯⎯⎯⎯⎯[3/4]⎯


 Test Files  1 failed (1)
      Tests  4 failed | 4 passed (8)
   Start at  10:27:56
   Duration  601ms (transform 361ms, setup 228ms, import 219ms, tests 32ms, environment 0ms)

DETECTOR_EXIT=1
