=== EV-MUT-SV-1 verdict-flip T7 2026-10-01T04:15:14.046260Z ===

 RUN  v4.1.11 /home/ubuntu/repos/tutienidle/.agent-worktrees/qa-fixpoint-master/game

 ❯ tests/architecture/betaScopeSkillDomain.test.ts (25 tests | 1 failed) 37ms
     × non-beta ways scope-hide the whole rail; corrupt way-less non-mortal fails closed 7ms

 Test Files  1 failed | 1 passed (2)
      Tests  1 failed | 29 passed (30)
   Start at  04:15:14
   Duration  3.71s (transform 2.62s, setup 390ms, import 2.91s, tests 181ms, environment 586ms)


⎯⎯⎯⎯⎯⎯⎯ Failed Tests 1 ⎯⎯⎯⎯⎯⎯⎯

 FAIL  tests/architecture/betaScopeSkillDomain.test.ts > beta scope v2 phase-3 - combat role rail > non-beta ways scope-hide the whole rail; corrupt way-less non-mortal fails closed
AssertionError: expected 'available' to be 'scope-hidden' // Object.is equality

Expected: "scope-hidden"
Received: "available"

 ❯ tests/architecture/betaScopeSkillDomain.test.ts:277:27
    275|
    276|     for (const entry of swordRail) {
    277|       expect(entry.state).toBe('scope-hidden')
       |                           ^
    278|     }
    279|     // basic/special carry the admission blocker; ultimate's constant

⎯⎯⎯⎯⎯⎯⎯⎯⎯⎯⎯⎯⎯⎯⎯⎯⎯⎯⎯⎯⎯⎯⎯⎯[1/1]⎯


DETECTOR_EXIT=1  (nonzero = mutant killed the suite = KILLED_EXPECTED)
RESULT=KILLED_EXPECTED