=== MUTANT tq1 ===

 RUN  v4.1.11 /home/ubuntu/repos/tutienidle/.agent-worktrees/qa-fixpoint-master/game

 ❯ tests/architecture/betaDormantSaveLeak.qa.test.ts (46 tests | 17 failed) 91ms
     × sword_pathway combat build falls back to the generic kit 8ms
     × chooseCultivationPath rejects a non-beta way pair before any other check 4ms
     × canPurchaseNode / purchaseNode / upgradeNode all reject dormant-tree nodes 2ms
     × respecNodeTree refuses a save holding dormant records - dormant insight is never refunded 2ms
     × a committed hidden_spell save with its aura passive still emits no aura entryBuffs 4ms
     × canUpgradeNode and levelUpSkill reject a dormant way core on a carried save 1ms
     × learnSkill rejects hidden-kit skill ids even on a clean beta save 6ms
     × setKiemPhoPreset fails closed under beta scope and leaves the preset untouched 1ms
     × a flagged body-path save emits no way facet modifiers in stat assembly 1ms
     × a flagged hidden-spell save emits no way statModifiers via the cultivation_path channel 0ms
     × a dormant way technique emits no tier modifiers; the beta way technique still emits 3ms
     × a learned dormant-way passive emits no scaled modifiers; unowned passives still emit 1ms
     × tryAdvanceTechniqueGrade refuses a dormant technique and debits no stones 1ms
     × a hidden_spell save mints no realm-reward nodes through the restore replay (F-A3-01) 0ms
     × a hidden_spell save mints no realm-reward nodes at the realm-entry grant (F-A3-01) 1ms
     × a hidden_spell save learns no way-authored ladder passive at realm entry (F-A3-02) 1ms
     × a hidden_sword save keeps its preserved slice frozen through realm advances (F-A3-03) 0ms

⎯⎯⎯⎯⎯⎯ Failed Tests 17 ⎯⎯⎯⎯⎯⎯⎯

 FAIL  tests/architecture/betaDormantSaveLeak.qa.test.ts > dormancy: a way_out_of_scope save must not execute its dormant kit (F-TRI-2) > sword_pathway combat build falls back to the generic kit
AssertionError: expected null to be 'way_out_of_scope' // Object.is equality

- Expected:
"way_out_of_scope"

+ Received:
null

 ❯ tests/architecture/betaDormantSaveLeak.qa.test.ts:229:41
    227|
    228|     // The save is flagged unsupported through the canonical reader.
    229|     expect(unsupportedReleaseReason(p)).toBe('way_out_of_scope')
       |                                         ^
    230|
    231|     const runtime = resolveCultivationPathRuntime(p, runtimeDeps)

⎯⎯⎯⎯⎯⎯⎯⎯⎯⎯⎯⎯⎯⎯⎯⎯⎯⎯⎯⎯⎯⎯⎯[1/17]⎯

 FAIL  tests/architecture/betaDormantSaveLeak.qa.test.ts > path authority: the ritual gate fails closed for dormant ways (I-PA-1) > chooseCultivationPath rejects a non-beta way pair before any other check
AssertionError: expected true to be false // Object.is equality

- Expected
+ Received

- false
+ true

 ❯ tests/architecture/betaDormantSaveLeak.qa.test.ts:272:92
    270|     const p = player({ realmLevel: 12 })
    271|
    272|     expect(gameManager.realmAdvanceOps.chooseCultivationPath('sword', …
       |                                                                                            ^
    273|     expect(gameManager.realmAdvanceOps.chooseCultivationPath('body', '…
    274|     // spell_pathway carries an element axis - it also fails closed he…

⎯⎯⎯⎯⎯⎯⎯⎯⎯⎯⎯⎯⎯⎯⎯⎯⎯⎯⎯⎯⎯⎯⎯[2/17]⎯

 FAIL  tests/architecture/betaDormantSaveLeak.qa.test.ts > dormancy: dormant way node trees refuse insight writes on a carried save (F-CA-1) > canPurchaseNode / purchaseNode / upgradeNode all reject dormant-tree nodes
AssertionError: expected true to be false // Object.is equality

- Expected
+ Received

- false
+ true

 ❯ tests/architecture/betaDormantSaveLeak.qa.test.ts:302:68
    300|     expect(gameManager.progressionOps.canPurchaseNode('thich_can', p))…
    301|     expect(gameManager.progressionOps.purchaseNode('thich_can', p)).to…
    302|     expect(gameManager.progressionOps.upgradeNode('thich_can', p)).toB…
       |                                                                    ^
    303|     expect(p.skillInsight).toBe(insightBefore)
    304|     expect(p.nodeLevels).toEqual({ thich_can: 1 })

⎯⎯⎯⎯⎯⎯⎯⎯⎯⎯⎯⎯⎯⎯⎯⎯⎯⎯⎯⎯⎯⎯⎯[3/17]⎯

 FAIL  tests/architecture/betaDormantSaveLeak.qa.test.ts > dormancy: dormant way node trees refuse insight writes on a carried save (F-CA-1) > respecNodeTree refuses a save holding dormant records - dormant insight is never refunded
AssertionError: expected 2 to be null

- Expected:
null

+ Received:
2

 ❯ tests/architecture/betaDormantSaveLeak.qa.test.ts:313:58
    311|     const p = swordSave({ thich_can: 2 })
    312|
    313|     expect(gameManager.progressionOps.respecNodeTree(p)).toBeNull()
       |                                                          ^
    314|     // The preview refuses too: a null preview means no fabricated
    315|     // 'reset 0 / refund 0' confirm dialog can mount (verdict-vs-render

⎯⎯⎯⎯⎯⎯⎯⎯⎯⎯⎯⎯⎯⎯⎯⎯⎯⎯⎯⎯⎯⎯⎯[4/17]⎯

 FAIL  tests/architecture/betaDormantSaveLeak.qa.test.ts > dormancy: hidden-way reaction aura never enters the entry-buff layer (F-A2-1) > a committed hidden_spell save with its aura passive still emits no aura entryBuffs
Error: [GameManager] hidden_spell_pathway kit incomplete — missing learned skills: van_phap_tuy_tam, da_phap_lien_tuyen, ngo_dao_hon_don
 ❯ assertNgoDaoKitLearned src/core/player/CultivationPathRegistry.ts:94:11
     92|
     93|   if (missing.length > 0) {
     94|     throw new Error(
       |           ^
     95|       `[GameManager] hidden_spell_pathway kit incomplete — missing lea…
     96|     )
 ❯ Object.resolveBasic src/core/player/CultivationPathRegistry.ts:436:7
 ❯ resolveCombatSkillRoles src/core/player/CultivationPathRoles.ts:36:25
 ❯ resolveCombatBuild src/core/game/CombatBuild.ts:234:32
 ❯ tests/architecture/betaDormantSaveLeak.qa.test.ts:392:19

⎯⎯⎯⎯⎯⎯⎯⎯⎯⎯⎯⎯⎯⎯⎯⎯⎯⎯⎯⎯⎯⎯⎯[5/17]⎯

 FAIL  tests/architecture/betaDormantSaveLeak.qa.test.ts > dormancy: dormant-kit skill cores reject insight spends and learns (F-A2-2 / F-A2-3) > canUpgradeNode and levelUpSkill reject a dormant way core on a carried save
AssertionError: expected true to be false // Object.is equality

- Expected
+ Received

- false
+ true

 ❯ tests/architecture/betaDormantSaveLeak.qa.test.ts:412:75
    410|     })
    411|
    412|     expect(gameManager.progressionOps.canUpgradeNode('core_tham_the', …
       |                                                                           ^
    413|     expect(gameManager.progressionOps.levelUpSkill('tham_the', p)).toB…
    414|     // Dormant core holding fails respec closed the same as a dormant …

⎯⎯⎯⎯⎯⎯⎯⎯⎯⎯⎯⎯⎯⎯⎯⎯⎯⎯⎯⎯⎯⎯⎯[6/17]⎯

 FAIL  tests/architecture/betaDormantSaveLeak.qa.test.ts > dormancy: dormant-kit skill cores reject insight spends and learns (F-A2-2 / F-A2-3) > learnSkill rejects hidden-kit skill ids even on a clean beta save
AssertionError: learn van_phap_tuy_tam: expected true to be false // Object.is equality

- Expected
+ Received

- false
+ true

 ❯ tests/architecture/betaDormantSaveLeak.qa.test.ts:426:82
    424|
    425|     for (const id of ['van_phap_tuy_tam', 'da_phap_lien_tuyen', 'ngo_d…
    426|       expect(gameManager.progressionOps.learnSkill(id, player()), `lea…
       |                                                                                  ^
    427|     }
    428|   })

⎯⎯⎯⎯⎯⎯⎯⎯⎯⎯⎯⎯⎯⎯⎯⎯⎯⎯⎯⎯⎯⎯⎯[7/17]⎯

 FAIL  tests/architecture/betaDormantSaveLeak.qa.test.ts > dormancy: a carried sword save cannot drive sword machinery (F-B-2) > setKiemPhoPreset fails closed under beta scope and leaves the preset untouched
AssertionError: expected null to be 'way_out_of_scope' // Object.is equality

- Expected:
"way_out_of_scope"

+ Received:
null

 ❯ tests/architecture/betaDormantSaveLeak.qa.test.ts:464:41
    462|     })
    463|
    464|     expect(unsupportedReleaseReason(p)).toBe('way_out_of_scope')
       |                                         ^
    465|     // The capability gate alone would admit (the save carries
    466|     // sword.sword_scroll) - the scope seam is the only rejector.

⎯⎯⎯⎯⎯⎯⎯⎯⎯⎯⎯⎯⎯⎯⎯⎯⎯⎯⎯⎯⎯⎯⎯[8/17]⎯

 FAIL  tests/architecture/betaDormantSaveLeak.qa.test.ts > dormancy: dormant way/technique/passive stat channels stay inert (F-TC-1/F-TC-3) > a flagged body-path save emits no way facet modifiers in stat assembly
AssertionError: expected null to be 'way_out_of_scope' // Object.is equality

- Expected:
"way_out_of_scope"

+ Received:
null

 ❯ tests/architecture/betaDormantSaveLeak.qa.test.ts:539:41
    537|     })
    538|
    539|     expect(unsupportedReleaseReason(p)).toBe('way_out_of_scope')
       |                                         ^
    540|
    541|     const { wayFacetModifiers } = resolvePlayerStatAssembly(p, [])

⎯⎯⎯⎯⎯⎯⎯⎯⎯⎯⎯⎯⎯⎯⎯⎯⎯⎯⎯⎯⎯⎯⎯[9/17]⎯

 FAIL  tests/architecture/betaDormantSaveLeak.qa.test.ts > dormancy: dormant way/technique/passive stat channels stay inert (F-TC-1/F-TC-3) > a flagged hidden-spell save emits no way statModifiers via the cultivation_path channel
AssertionError: expected null to be 'way_out_of_scope' // Object.is equality

- Expected:
"way_out_of_scope"

+ Received:
null

 ❯ tests/architecture/betaDormantSaveLeak.qa.test.ts:554:50
    552|     })
    553|
    554|     expect(unsupportedReleaseReason(hiddenSave)).toBe('way_out_of_scop…
       |                                                  ^
    555|     expect(getCultivationPathStatModifiers(hiddenSave)).toEqual([])
    556|

⎯⎯⎯⎯⎯⎯⎯⎯⎯⎯⎯⎯⎯⎯⎯⎯⎯⎯⎯⎯⎯⎯[10/17]⎯

 FAIL  tests/architecture/betaDormantSaveLeak.qa.test.ts > dormancy: dormant way/technique/passive stat channels stay inert (F-TC-1/F-TC-3) > a dormant way technique emits no tier modifiers; the beta way technique still emits
AssertionError: expected [ { …(5) } ] to deeply equal []

- Expected
+ Received

- []
+ [
+   {
+     "flat": 2,
+     "id": "technique-tier:diamond_body_art:hpRegen",
+     "sourceId": "diamond_body_art",
+     "sourceType": "technique",
+     "stat": "hpRegenPerTurn",
+   },
+ ]

 ❯ tests/architecture/betaDormantSaveLeak.qa.test.ts:583:7
    581|     expect(
    582|       dormantChannels.find((c) => c.channel === 'technique_tier')!.mod…
    583|     ).toEqual([])
       |       ^
    584|
    585|     const spellSave = player({

⎯⎯⎯⎯⎯⎯⎯⎯⎯⎯⎯⎯⎯⎯⎯⎯⎯⎯⎯⎯⎯⎯[11/17]⎯

 FAIL  tests/architecture/betaDormantSaveLeak.qa.test.ts > dormancy: dormant way/technique/passive stat channels stay inert (F-TC-1/F-TC-3) > a learned dormant-way passive emits no scaled modifiers; unowned passives still emit
AssertionError: expected { …(8) } to be undefined

- Expected:
undefined

+ Received:
{
  "flat": 0,
  "id": "passive_kiem_tam_lanh_liet_crit_damage",
  "maxStacks": 30,
  "percent": 0.01,
  "sourceId": "passive_kiem_tam_lanh_liet",
  "sourceType": "skill",
  "stacks": 0,
  "stat": "criticalDamage",
}

 ❯ tests/architecture/betaDormantSaveLeak.qa.test.ts:609:75
    607|     )
    608|     const mods = gameManager.skillSystem.getScaledPassiveModifiers()
    609|     expect(mods.find((m) => m.sourceId === 'passive_kiem_tam_lanh_liet…
       |                                                                           ^
    610|
    611|     gameManager.skillManager.add(SKILLS.find((s) => s.id === 'passive_…

⎯⎯⎯⎯⎯⎯⎯⎯⎯⎯⎯⎯⎯⎯⎯⎯⎯⎯⎯⎯⎯⎯[12/17]⎯

 FAIL  tests/architecture/betaDormantSaveLeak.qa.test.ts > dormancy: dormant way/technique/passive stat channels stay inert (F-TC-1/F-TC-3) > tryAdvanceTechniqueGrade refuses a dormant technique and debits no stones
AssertionError: expected true to be false // Object.is equality

- Expected
+ Received

- false
+ true

 ❯ tests/architecture/betaDormantSaveLeak.qa.test.ts:642:69
    640|     gameManager.materialBag.add(stoneMaterial, 1000)
    641|
    642|     expect(gameManager.realmAdvanceOps.tryAdvanceTechniqueGrade(p)).to…
       |                                                                     ^
    643|     expect(gameManager.materialBag.getAmount(stoneId)).toBe(1000)
    644|   })

⎯⎯⎯⎯⎯⎯⎯⎯⎯⎯⎯⎯⎯⎯⎯⎯⎯⎯⎯⎯⎯⎯[13/17]⎯

 FAIL  tests/architecture/betaDormantSaveLeak.qa.test.ts > dormancy: way-authored realm seams stay inert on a carried save (F-A3-01 / F-A3-02 / F-A3-03) > a hidden_spell save mints no realm-reward nodes through the restore replay (F-A3-01)
AssertionError: expected null to be 'way_out_of_scope' // Object.is equality

- Expected:
"way_out_of_scope"

+ Received:
null

 ❯ tests/architecture/betaDormantSaveLeak.qa.test.ts:840:41
    838|       realmId: 'foundation_establishment',
    839|     })
    840|     expect(unsupportedReleaseReason(p)).toBe('way_out_of_scope')
       |                                         ^
    841|
    842|     const gameManager = managerWithNodes()

⎯⎯⎯⎯⎯⎯⎯⎯⎯⎯⎯⎯⎯⎯⎯⎯⎯⎯⎯⎯⎯⎯[14/17]⎯

 FAIL  tests/architecture/betaDormantSaveLeak.qa.test.ts > dormancy: way-authored realm seams stay inert on a carried save (F-A3-01 / F-A3-02 / F-A3-03) > a hidden_spell save mints no realm-reward nodes at the realm-entry grant (F-A3-01)
AssertionError: expected true to be false // Object.is equality

- Expected
+ Received

- false
+ true

 ❯ tests/architecture/betaDormantSaveLeak.qa.test.ts:860:7
    858|     expect(
    859|       gameManager.realmAdvanceOps.grantCultivationPathRealmReward(p, '…
    860|     ).toBe(false)
       |       ^
    861|     expect(p.nodeLevels ?? {}).toEqual({})
    862|   })

⎯⎯⎯⎯⎯⎯⎯⎯⎯⎯⎯⎯⎯⎯⎯⎯⎯⎯⎯⎯⎯⎯[15/17]⎯

 FAIL  tests/architecture/betaDormantSaveLeak.qa.test.ts > dormancy: way-authored realm seams stay inert on a carried save (F-A3-01 / F-A3-02 / F-A3-03) > a hidden_spell save learns no way-authored ladder passive at realm entry (F-A3-02)
AssertionError: expected true to be false // Object.is equality

- Expected
+ Received

- false
+ true

 ❯ tests/architecture/betaDormantSaveLeak.qa.test.ts:890:67
    888|     gameManager.realmAdvanceOps.syncRealmPassive(p)
    889|
    890|     expect(gameManager.skillManager.has('passive_truc_co_y_chi')).toBe…
       |                                                                   ^
    891|   })
    892|

⎯⎯⎯⎯⎯⎯⎯⎯⎯⎯⎯⎯⎯⎯⎯⎯⎯⎯⎯⎯⎯⎯[16/17]⎯

 FAIL  tests/architecture/betaDormantSaveLeak.qa.test.ts > dormancy: way-authored realm seams stay inert on a carried save (F-A3-01 / F-A3-02 / F-A3-03) > a hidden_sword save keeps its preserved slice frozen through realm advances (F-A3-03)
AssertionError: expected null to be 'way_out_of_scope' // Object.is equality

- Expected:
"way_out_of_scope"

+ Received:
null

 ❯ tests/architecture/betaDormantSaveLeak.qa.test.ts:918:41
    916|       realmLevel: 12,
    917|     })
    918|     expect(unsupportedReleaseReason(p)).toBe('way_out_of_scope')
       |                                         ^
    919|     expect(hasStaticPathCapability(p, 'sword.sword_riding')).toBe(true)
    920|

⎯⎯⎯⎯⎯⎯⎯⎯⎯⎯⎯⎯⎯⎯⎯⎯⎯⎯⎯⎯⎯⎯[17/17]⎯


 Test Files  1 failed (1)
      Tests  17 failed | 29 passed (46)
   Start at  15:28:15
   Duration  3.28s (transform 2.51s, setup 347ms, import 2.67s, tests 91ms, environment 0ms)

EXIT=1
