
> tien-hiep-idle@0.1.0-beta.0 verify
> npm run type-check && npm run build && npx vitest run


> tien-hiep-idle@0.1.0-beta.0 type-check
> vue-tsc --build


> tien-hiep-idle@0.1.0-beta.0 build
> run-p type-check "build-only {@}" --


> tien-hiep-idle@0.1.0-beta.0 build-only
> vite build


> tien-hiep-idle@0.1.0-beta.0 type-check
> vue-tsc --build

vite v8.2.2 building client environment for production...
transforming...
✓ 1923 modules transformed.
rendering chunks...
computing gzip size...
dist/build-identity.json                                0.29 kB │ gzip:   0.22 kB
dist/index.html                                         1.55 kB │ gzip:   0.62 kB
dist/assets/QuestPanel-1DoX5fq2.css                     1.70 kB │ gzip:   0.58 kB
dist/assets/GameButton-BdBDikFk.css                     2.63 kB │ gzip:   0.82 kB
dist/assets/TranPhapPanel-BqHC0CA4.css                  3.00 kB │ gzip:   0.94 kB
dist/assets/QuanKhiPanel-v57AZVhN.css                   3.69 kB │ gzip:   0.82 kB
dist/assets/ArtifactPanel-DLxV17bI.css                  4.15 kB │ gzip:   1.05 kB
dist/assets/CompanionPanel-DKL2Ff9z.css                 5.38 kB │ gzip:   1.07 kB
dist/assets/OverlayPanel-CQ8S4uIB.css                   5.58 kB │ gzip:   1.42 kB
dist/assets/RealmPanel-B1JsmTz6.css                    10.35 kB │ gzip:   1.96 kB
dist/assets/SkillPathPanel-DFwT-6ve.css                16.80 kB │ gzip:   3.14 kB
dist/assets/index-B2wtXD7T.css                        187.86 kB │ gzip:  32.10 kB
dist/assets/PlayerVisualForm-q_dsQYsq.js                0.16 kB │ gzip:   0.13 kB
dist/assets/AssetLoaderScene-BCfELGpP.js                1.81 kB │ gzip:   0.83 kB
dist/assets/TranPhapCombatPreviewScene-C8nEDsEq.js      3.54 kB │ gzip:   1.48 kB
dist/assets/BattleGridProjection-8v0gSDWF.js            3.64 kB │ gzip:   1.14 kB
dist/assets/TribulationScene-Bsy3FOp1.js                3.65 kB │ gzip:   1.70 kB
dist/assets/QuestPanel-BRC-WZvn.js                      4.09 kB │ gzip:   1.69 kB
dist/assets/MainScene-IYtocHAd.js                       4.65 kB │ gzip:   1.56 kB
dist/assets/combat-animation-playback-DQiRCBy2.js       5.34 kB │ gzip:   2.12 kB
dist/assets/ArtifactPanel-DQUqUMKG.js                   7.02 kB │ gzip:   2.82 kB
dist/assets/AudioCueManifest-B8CPDVwu.js                7.36 kB │ gzip:   2.01 kB
dist/assets/QuanKhiPanel-CPoKA1Si.js                    8.03 kB │ gzip:   2.67 kB
dist/assets/TranPhapPanel-Do7My70Q.js                   9.34 kB │ gzip:   3.95 kB
dist/assets/CompanionPanel-BbBqORfs.js                 10.61 kB │ gzip:   3.41 kB
dist/assets/combat-grid-view-K8qnq2dT.js               11.08 kB │ gzip:   3.01 kB
dist/assets/RealmPanel-CUJ4ctVV.js                     16.37 kB │ gzip:   4.89 kB
dist/assets/TechniqueProgression-DIAXBsU2.js           18.19 kB │ gzip:   6.47 kB
dist/assets/SkillPathPanel-DrwgV4Sb.js                 32.71 kB │ gzip:  10.58 kB
dist/assets/CombatScene-DvAnqr4J.js                    68.48 kB │ gzip:  20.63 kB
dist/assets/vendor-DS4vP7Kk.js                        166.25 kB │ gzip:  60.84 kB
dist/assets/OverlayPanel-B2JMi4VW.js                  253.16 kB │ gzip:  80.52 kB
dist/assets/GameButton-GdJlmJZh.js                    261.48 kB │ gzip:  65.00 kB
dist/assets/game-data-ChJ_cTM5.js                     263.84 kB │ gzip:  67.01 kB
dist/assets/index-BVJ1w3xw.js                         859.12 kB │ gzip: 234.81 kB
dist/assets/phaser.esm-B5wjwyWN.js                  1,375.57 kB │ gzip: 357.95 kB

✓ built in 2.27s
[plugin builtin:vite-reporter] 
(!) Some chunks are larger than 500 kB after minification. Consider:
- Using dynamic import() to code-split the application
- Use build.rolldownOptions.output.codeSplitting to improve chunking: https://rolldown.rs/reference/OutputOptions.codeSplitting
- Adjust chunk size limit for this warning via build.chunkSizeWarningLimit.

 RUN  v4.1.11 /home/ubuntu/repos/tutienidle/.agent-worktrees/qa-fixpoint-master/game

Not implemented: navigation to another Document

 Test Files  871 passed | 1 skipped (872)
      Tests  8070 passed | 5 expected fail | 4 skipped (8079)
   Start at  12:32:37
   Duration  115.39s (transform 49.98s, setup 70.33s, import 288.58s, tests 222.43s, environment 97.05s)

EXIT=0
