=== consumer census: betaScope authority readers (non-test) ===
src/App.vue
src/components/common/BetaCompletionModal.vue
src/components/common/BreakthroughRequirementPanel.vue
src/components/game/BuildingDetailPopover.vue
src/components/game/CurrencyHud.vue
src/components/game/HomeBuildingIcons.vue
src/components/game/combat/hud/TurnCombatSkillBar.vue
src/components/panels/AlchemyView.vue
src/components/panels/BagGrid.vue
src/components/panels/CharacterPanel.vue
src/components/panels/QuanKhiPanel.vue
src/components/panels/RealmPanel.vue
src/components/panels/SkillPathPanel.vue
src/components/panels/bag-sections/PillBagSection.vue
src/components/panels/skill-path/SkillRoleStrip.vue
src/components/panels/skill-path/TechniqueBand.vue
src/composables/useAppLifecycle.ts
src/composables/useBuildingNavigation.ts
src/core/alchemy/AlchemySystem.ts
src/core/artifact/ArtifactProgression.ts
src/core/betaScope.ts
src/core/betaScopeSkillDomain.ts
src/core/betaScopeSurface.ts
src/core/companion/CompanionAvailability.ts
src/core/companion/CompanionGifts.ts
src/core/equipment/EquipmentSystem.ts
src/core/game/BattleLootSystem.ts
src/core/game/CombatBuild.ts
src/core/game/FormationPlacement.ts
src/core/game/GameManagerAlchemyOps.ts
src/core/game/GameManagerBuildingOps.ts
src/core/game/GameManagerPersistentEffectOps.ts
src/core/game/GameManagerPillOps.ts
src/core/game/GameManagerProgressionOps.ts
src/core/game/GameManagerRealmAdvanceOps.ts
src/core/game/GameManagerTickOps.ts
src/core/game/HiddenBeastSystem.ts
src/core/player/CultivationPathSystem.ts
src/core/player/Player.ts
src/core/production/DecomposeSystem.ts
src/core/production/ProductionSystem.ts
src/core/production/WorkerCapacity.ts
src/core/realm/hidden/HiddenLineage.ts
src/core/realm/hidden/NghichChuTian.ts
src/core/skill/PassiveSystem.ts
src/core/skill/SkillSystem.ts
src/core/stats/StatCap.ts
src/core/technique/TechniqueSystem.ts
src/core/tribulation/TribulationOutcomeService.ts
src/data/realm/RealmPassives.ts
src/services/save/saveShapeValidation.ts
src/stores/ui.ts

=== registry.get sites over save-side keys missing has() guard ===
