
> tien-hiep-idle@0.1.0-beta.0 verify
> npm run type-check && npm run build && npx vitest run


> tien-hiep-idle@0.1.0-beta.0 type-check
> vue-tsc --build


> tien-hiep-idle@0.1.0-beta.0 build
> run-p type-check "build-only {@}" --


> tien-hiep-idle@0.1.0-beta.0 type-check
> vue-tsc --build


> tien-hiep-idle@0.1.0-beta.0 build-only
> vite build

vite v8.2.2 building client environment for production...
transforming...
✓ 1923 modules transformed.
rendering chunks...
computing gzip size...
dist/build-identity.json                                0.29 kB │ gzip:   0.22 kB
dist/index.html                                         1.55 kB │ gzip:   0.62 kB
dist/assets/QuestPanel-1DoX5fq2.css                     1.70 kB │ gzip:   0.58 kB
dist/assets/GameButton-BdBDikFk.css                     2.63 kB │ gzip:   0.82 kB
dist/assets/TranPhapPanel-BqHC0CA4.css                  3.00 kB │ gzip:   0.94 kB
dist/assets/QuanKhiPanel-v57AZVhN.css                   3.69 kB │ gzip:   0.82 kB
dist/assets/ArtifactPanel-DLxV17bI.css                  4.15 kB │ gzip:   1.05 kB
dist/assets/CompanionPanel-DKL2Ff9z.css                 5.38 kB │ gzip:   1.07 kB
dist/assets/OverlayPanel-CQ8S4uIB.css                   5.58 kB │ gzip:   1.42 kB
dist/assets/RealmPanel-BZpkFlYv.css                    10.35 kB │ gzip:   1.96 kB
dist/assets/SkillPathPanel-DFwT-6ve.css                16.80 kB │ gzip:   3.14 kB
dist/assets/index-B2wtXD7T.css                        187.86 kB │ gzip:  32.10 kB
dist/assets/PlayerVisualForm-q_dsQYsq.js                0.16 kB │ gzip:   0.13 kB
dist/assets/AssetLoaderScene-CATep-G3.js                1.81 kB │ gzip:   0.83 kB
dist/assets/TranPhapCombatPreviewScene-C8TJiYXy.js      3.54 kB │ gzip:   1.48 kB
dist/assets/BattleGridProjection-8v0gSDWF.js            3.64 kB │ gzip:   1.14 kB
dist/assets/TribulationScene-BCfcy_pV.js                3.65 kB │ gzip:   1.70 kB
dist/assets/QuestPanel-DfG8D22I.js                      4.09 kB │ gzip:   1.68 kB
dist/assets/MainScene-CgX5nN9Z.js                       4.65 kB │ gzip:   1.56 kB
dist/assets/combat-animation-playback-DzS_6Ldh.js       5.34 kB │ gzip:   2.12 kB
dist/assets/ArtifactPanel-CdTblEyz.js                   7.02 kB │ gzip:   2.82 kB
dist/assets/AudioCueManifest-B8CPDVwu.js                7.36 kB │ gzip:   2.01 kB
dist/assets/QuanKhiPanel-Di1eRN1O.js                    8.03 kB │ gzip:   2.66 kB
dist/assets/TranPhapPanel-Cb1kQHMF.js                   9.34 kB │ gzip:   3.95 kB
dist/assets/CompanionPanel-C3KsjmW_.js                 10.61 kB │ gzip:   3.41 kB
dist/assets/combat-grid-view-DdCKqf8z.js               11.08 kB │ gzip:   3.00 kB
dist/assets/RealmPanel-ChtxqntP.js                     16.31 kB │ gzip:   4.85 kB
dist/assets/TechniqueProgression-DMQ5l2VL.js           18.19 kB │ gzip:   6.46 kB
dist/assets/SkillPathPanel-Dl9UHgHW.js                 32.71 kB │ gzip:  10.58 kB
dist/assets/CombatScene-Crc8Hcuc.js                    68.48 kB │ gzip:  20.63 kB
dist/assets/vendor-DS4vP7Kk.js                        166.25 kB │ gzip:  60.84 kB
dist/assets/GameButton-pm1DgYH2.js                    261.48 kB │ gzip:  65.00 kB
dist/assets/game-data-BemAvqtJ.js                     263.94 kB │ gzip:  66.98 kB
dist/assets/OverlayPanel-D6Ckmg6F.js                  265.77 kB │ gzip:  83.93 kB
dist/assets/index-Be7ayiJj.js                         856.00 kB │ gzip: 233.84 kB
dist/assets/phaser.esm-B5wjwyWN.js                  1,375.57 kB │ gzip: 357.95 kB

✓ built in 2.09s
[plugin builtin:vite-reporter] 
(!) Some chunks are larger than 500 kB after minification. Consider:
- Using dynamic import() to code-split the application
- Use build.rolldownOptions.output.codeSplitting to improve chunking: https://rolldown.rs/reference/OutputOptions.codeSplitting
- Adjust chunk size limit for this warning via build.chunkSizeWarningLimit.

 RUN  v4.1.11 /home/ubuntu/repos/tutienidle/.agent-worktrees/qa-fixpoint-master/game

Not implemented: navigation to another Document

 Test Files  873 passed | 1 skipped (874)
      Tests  8157 passed | 5 expected fail | 8 skipped (8170)
   Start at  16:31:16
   Duration  106.61s (transform 41.78s, setup 67.77s, import 278.78s, tests 175.88s, environment 95.42s)

