
> tien-hiep-idle@0.1.0-beta.0 verify
> npm run type-check && npm run build && npx vitest run


> tien-hiep-idle@0.1.0-beta.0 type-check
> vue-tsc --build


> tien-hiep-idle@0.1.0-beta.0 build
> run-p type-check "build-only {@}" --


> tien-hiep-idle@0.1.0-beta.0 type-check
> vue-tsc --build


> tien-hiep-idle@0.1.0-beta.0 build-only
> vite build

vite v8.2.2 building client environment for production...
transforming...
✓ 1936 modules transformed.
rendering chunks...
computing gzip size...
dist/build-identity.json                                0.29 kB │ gzip:   0.22 kB
dist/index.html                                         1.47 kB │ gzip:   0.61 kB
dist/assets/QuestPanel-DWQtJMsh.css                     1.70 kB │ gzip:   0.58 kB
dist/assets/TranPhapPanel-BqHC0CA4.css                  3.00 kB │ gzip:   0.94 kB
dist/assets/QuanKhiPanel-DpLOdGBu.css                   3.69 kB │ gzip:   0.82 kB
dist/assets/ArtifactPanel-DLxV17bI.css                  4.15 kB │ gzip:   1.05 kB
dist/assets/CompanionPanel-DKL2Ff9z.css                 5.38 kB │ gzip:   1.07 kB
dist/assets/OverlayPanel-DJ6mz3qZ.css                  10.14 kB │ gzip:   2.11 kB
dist/assets/RealmPanel-DyQ9ICLB.css                    18.52 kB │ gzip:   3.26 kB
dist/assets/SkillPathPanel-DYY76Dxl.css                19.43 kB │ gzip:   3.67 kB
dist/assets/index-jVVqw8D5.css                        198.91 kB │ gzip:  34.02 kB
dist/assets/PlayerVisualForm-q_dsQYsq.js                0.16 kB │ gzip:   0.13 kB
dist/assets/AssetBaseUrl-4hyqPol0.js                    0.18 kB │ gzip:   0.16 kB
dist/assets/AssetLoaderScene-Cb8zYg85.js                1.84 kB │ gzip:   0.85 kB
dist/assets/QuestPanel-DUoAhy6F.js                      2.74 kB │ gzip:   1.28 kB
dist/assets/TranPhapCombatPreviewScene-Brw8oRK4.js      3.58 kB │ gzip:   1.50 kB
dist/assets/BattleGridProjection-8v0gSDWF.js            3.64 kB │ gzip:   1.14 kB
dist/assets/TribulationScene-2vFRKAEb.js                3.69 kB │ gzip:   1.73 kB
dist/assets/MainScene-DH4c18vt.js                       4.65 kB │ gzip:   1.56 kB
dist/assets/combat-animation-playback-CkXIiK04.js       5.34 kB │ gzip:   2.12 kB
dist/assets/ArtifactPanel-DCTjzCdn.js                   6.99 kB │ gzip:   2.78 kB
dist/assets/AudioCueManifest-B8CPDVwu.js                7.36 kB │ gzip:   2.01 kB
dist/assets/QuanKhiPanel-B01Ycw8T.js                    7.96 kB │ gzip:   2.62 kB
dist/assets/TranPhapPanel-CqpdLECV.js                   9.28 kB │ gzip:   3.93 kB
dist/assets/CompanionPanel-CIid6x6c.js                 10.58 kB │ gzip:   3.39 kB
dist/assets/combat-grid-view-CN9LkQ8C.js               11.08 kB │ gzip:   3.00 kB
dist/assets/RealmPanel-BzVKgDV7.js                     19.42 kB │ gzip:   5.89 kB
dist/assets/CultivationPathSystem-D3CHQlYb.js          19.49 kB │ gzip:   6.93 kB
dist/assets/SkillPathPanel-Cac5EayY.js                 32.86 kB │ gzip:  10.56 kB
dist/assets/CombatScene-TTfyvNcm.js                    68.53 kB │ gzip:  20.66 kB
dist/assets/vendor-DS4vP7Kk.js                        166.25 kB │ gzip:  60.84 kB
dist/assets/game-data-D-342QKL.js                     260.70 kB │ gzip:  65.79 kB
dist/assets/OverlayPanel-DvUNxRSn.js                  388.59 kB │ gzip: 109.94 kB
dist/assets/index-C7y8W0Nn.js                         988.05 kB │ gzip: 270.50 kB
dist/assets/phaser.esm-B5wjwyWN.js                  1,375.57 kB │ gzip: 357.95 kB

✓ built in 2.12s
[plugin builtin:vite-reporter] 
(!) Some chunks are larger than 500 kB after minification. Consider:
- Using dynamic import() to code-split the application
- Use build.rolldownOptions.output.codeSplitting to improve chunking: https://rolldown.rs/reference/OutputOptions.codeSplitting
- Adjust chunk size limit for this warning via build.chunkSizeWarningLimit.

 RUN  v4.1.11 /tmp/fe-ready-check/game

Not implemented: navigation to another Document

 Test Files  860 passed | 1 skipped (861)
      Tests  7857 passed | 5 expected fail | 1 skipped (7863)
   Start at  01:26:51
   Duration  98.02s (transform 42.19s, setup 56.27s, import 253.08s, tests 162.58s, environment 92.30s)

