
> tien-hiep-idle@0.1.0-beta.0 verify
> npm run type-check && npm run build && npx vitest run


> tien-hiep-idle@0.1.0-beta.0 type-check
> vue-tsc --build


> tien-hiep-idle@0.1.0-beta.0 build
> run-p type-check "build-only {@}" --


> tien-hiep-idle@0.1.0-beta.0 type-check
> vue-tsc --build


> tien-hiep-idle@0.1.0-beta.0 build-only
> vite build

vite v8.2.2 building client environment for production...
transforming...
✓ 1923 modules transformed.
rendering chunks...
computing gzip size...
dist/build-identity.json                                0.29 kB │ gzip:   0.22 kB
dist/index.html                                         1.55 kB │ gzip:   0.62 kB
dist/assets/QuestPanel-1DoX5fq2.css                     1.70 kB │ gzip:   0.58 kB
dist/assets/GameButton-BdBDikFk.css                     2.63 kB │ gzip:   0.82 kB
dist/assets/TranPhapPanel-BqHC0CA4.css                  3.00 kB │ gzip:   0.94 kB
dist/assets/QuanKhiPanel-DpLOdGBu.css                   3.69 kB │ gzip:   0.82 kB
dist/assets/ArtifactPanel-DLxV17bI.css                  4.15 kB │ gzip:   1.05 kB
dist/assets/CompanionPanel-DKL2Ff9z.css                 5.38 kB │ gzip:   1.07 kB
dist/assets/OverlayPanel-CQ8S4uIB.css                   5.58 kB │ gzip:   1.42 kB
dist/assets/RealmPanel-BZpkFlYv.css                    10.35 kB │ gzip:   1.96 kB
dist/assets/SkillPathPanel-1dNMRa0L.css                16.80 kB │ gzip:   3.14 kB
dist/assets/index-DPc99v_w.css                        187.86 kB │ gzip:  32.10 kB
dist/assets/PlayerVisualForm-q_dsQYsq.js                0.16 kB │ gzip:   0.13 kB
dist/assets/AssetLoaderScene-i1FwaJqR.js                1.81 kB │ gzip:   0.83 kB
dist/assets/TranPhapCombatPreviewScene-LpA0sRwC.js      3.54 kB │ gzip:   1.48 kB
dist/assets/BattleGridProjection-8v0gSDWF.js            3.64 kB │ gzip:   1.14 kB
dist/assets/TribulationScene-C2Les1RQ.js                3.65 kB │ gzip:   1.70 kB
dist/assets/QuestPanel-BPo6-CX4.js                      4.09 kB │ gzip:   1.69 kB
dist/assets/MainScene-C313PovR.js                       4.65 kB │ gzip:   1.55 kB
dist/assets/combat-animation-playback-CcsItszW.js       5.34 kB │ gzip:   2.12 kB
dist/assets/ArtifactPanel-DAhGAUaE.js                   7.03 kB │ gzip:   2.82 kB
dist/assets/AudioCueManifest-B8CPDVwu.js                7.36 kB │ gzip:   2.01 kB
dist/assets/QuanKhiPanel-3ofHrxiT.js                    8.00 kB │ gzip:   2.65 kB
dist/assets/TranPhapPanel-rvga3zly.js                   9.34 kB │ gzip:   3.95 kB
dist/assets/CompanionPanel-DzosVd5A.js                 10.61 kB │ gzip:   3.41 kB
dist/assets/combat-grid-view-BdUDXlWr.js               11.08 kB │ gzip:   3.00 kB
dist/assets/RealmPanel-B_Kmy2dM.js                     16.31 kB │ gzip:   4.84 kB
dist/assets/TechniqueProgression-CEZb2fON.js           20.69 kB │ gzip:   7.36 kB
dist/assets/SkillPathPanel-BKVewS98.js                 32.63 kB │ gzip:  10.56 kB
dist/assets/CombatScene-CUY9BJBp.js                    68.48 kB │ gzip:  20.63 kB
dist/assets/vendor-DS4vP7Kk.js                        166.25 kB │ gzip:  60.84 kB
dist/assets/OverlayPanel-DD3icGPX.js                  234.03 kB │ gzip:  75.29 kB
dist/assets/game-data-D2NSFMR_.js                     260.68 kB │ gzip:  65.84 kB
dist/assets/GameButton-BIsGgJ9x.js                    261.48 kB │ gzip:  65.00 kB
dist/assets/index-ixP-R6QW.js                         862.84 kB │ gzip: 235.75 kB
dist/assets/phaser.esm-B5wjwyWN.js                  1,375.57 kB │ gzip: 357.95 kB

✓ built in 2.12s
[plugin builtin:vite-reporter] 
(!) Some chunks are larger than 500 kB after minification. Consider:
- Using dynamic import() to code-split the application
- Use build.rolldownOptions.output.codeSplitting to improve chunking: https://rolldown.rs/reference/OutputOptions.codeSplitting
- Adjust chunk size limit for this warning via build.chunkSizeWarningLimit.

 RUN  v4.1.11 /home/ubuntu/repos/tutienidle/.agent-worktrees/qa-fixpoint-master/game

Not implemented: navigation to another Document

 Test Files  856 passed | 1 skipped (857)
      Tests  7830 passed | 5 expected fail | 1 skipped (7836)
   Start at  01:01:10
   Duration  101.90s (transform 40.98s, setup 62.07s, import 261.05s, tests 163.21s, environment 95.42s)

