
> tien-hiep-idle@0.1.0-beta.0 verify
> npm run type-check && npm run build && npx vitest run


> tien-hiep-idle@0.1.0-beta.0 type-check
> vue-tsc --build


> tien-hiep-idle@0.1.0-beta.0 build
> run-p type-check "build-only {@}" --


> tien-hiep-idle@0.1.0-beta.0 type-check
> vue-tsc --build


> tien-hiep-idle@0.1.0-beta.0 build-only
> vite build

vite v8.2.2 building client environment for production...
transforming...
✓ 1923 modules transformed.
rendering chunks...
computing gzip size...
dist/build-identity.json                                0.29 kB │ gzip:   0.21 kB
dist/index.html                                         1.55 kB │ gzip:   0.62 kB
dist/assets/QuestPanel-1DoX5fq2.css                     1.70 kB │ gzip:   0.58 kB
dist/assets/GameButton-BdBDikFk.css                     2.63 kB │ gzip:   0.82 kB
dist/assets/TranPhapPanel-BqHC0CA4.css                  3.00 kB │ gzip:   0.94 kB
dist/assets/QuanKhiPanel-v57AZVhN.css                   3.69 kB │ gzip:   0.82 kB
dist/assets/ArtifactPanel-DLxV17bI.css                  4.15 kB │ gzip:   1.05 kB
dist/assets/CompanionPanel-DKL2Ff9z.css                 5.38 kB │ gzip:   1.07 kB
dist/assets/OverlayPanel-CQ8S4uIB.css                   5.58 kB │ gzip:   1.42 kB
dist/assets/RealmPanel-BZpkFlYv.css                    10.35 kB │ gzip:   1.96 kB
dist/assets/SkillPathPanel-1dNMRa0L.css                16.80 kB │ gzip:   3.14 kB
dist/assets/index-0efNgA2I.css                        187.86 kB │ gzip:  32.10 kB
dist/assets/PlayerVisualForm-q_dsQYsq.js                0.16 kB │ gzip:   0.13 kB
dist/assets/AssetLoaderScene-CiZFHyGp.js                1.81 kB │ gzip:   0.83 kB
dist/assets/TranPhapCombatPreviewScene-Dttv2awh.js      3.54 kB │ gzip:   1.48 kB
dist/assets/BattleGridProjection-8v0gSDWF.js            3.64 kB │ gzip:   1.14 kB
dist/assets/TribulationScene-DOh67h66.js                3.65 kB │ gzip:   1.70 kB
dist/assets/QuestPanel-Ch4XDGsu.js                      4.09 kB │ gzip:   1.69 kB
dist/assets/MainScene-XzhPYr6z.js                       4.65 kB │ gzip:   1.56 kB
dist/assets/combat-animation-playback-YbDgfpMb.js       5.34 kB │ gzip:   2.12 kB
dist/assets/ArtifactPanel-VK2GD9kv.js                   7.03 kB │ gzip:   2.82 kB
dist/assets/AudioCueManifest-B8CPDVwu.js                7.36 kB │ gzip:   2.01 kB
dist/assets/QuanKhiPanel-D_KRLTs2.js                    8.03 kB │ gzip:   2.66 kB
dist/assets/TranPhapPanel-Cm2GJMb7.js                   9.34 kB │ gzip:   3.95 kB
dist/assets/CompanionPanel-C6gKng0Y.js                 10.61 kB │ gzip:   3.41 kB
dist/assets/combat-grid-view-Dl_Hg3OV.js               11.08 kB │ gzip:   3.00 kB
dist/assets/RealmPanel-fymOWOHQ.js                     16.31 kB │ gzip:   4.84 kB
dist/assets/TechniqueProgression-C1RtR7II.js           20.76 kB │ gzip:   7.40 kB
dist/assets/SkillPathPanel-D9uJ57x0.js                 32.62 kB │ gzip:  10.55 kB
dist/assets/CombatScene-DbE8O4u-.js                    68.48 kB │ gzip:  20.63 kB
dist/assets/vendor-DS4vP7Kk.js                        166.25 kB │ gzip:  60.84 kB
dist/assets/OverlayPanel-D6e1pUtH.js                  234.03 kB │ gzip:  75.28 kB
dist/assets/game-data-D2NSFMR_.js                     260.68 kB │ gzip:  65.84 kB
dist/assets/GameButton-CacXTeuo.js                    261.48 kB │ gzip:  65.00 kB
dist/assets/index-5tZTs-ri.js                         863.71 kB │ gzip: 236.08 kB
dist/assets/phaser.esm-B5wjwyWN.js                  1,375.57 kB │ gzip: 357.95 kB

✓ built in 1.96s
[plugin builtin:vite-reporter] 
(!) Some chunks are larger than 500 kB after minification. Consider:
- Using dynamic import() to code-split the application
- Use build.rolldownOptions.output.codeSplitting to improve chunking: https://rolldown.rs/reference/OutputOptions.codeSplitting
- Adjust chunk size limit for this warning via build.chunkSizeWarningLimit.

 RUN  v4.1.11 /home/ubuntu/repos/tutienidle/.agent-worktrees/qa-fixpoint-master/game

Not implemented: navigation to another Document

 Test Files  856 passed | 1 skipped (857)
      Tests  7841 passed | 5 expected fail | 1 skipped (7847)
   Start at  02:51:22
   Duration  100.85s (transform 39.29s, setup 63.22s, import 256.25s, tests 166.57s, environment 92.45s)

